/Users/admin/core/opensource/openjdk-8u-fork/jdk8u-analysis/hotspot/src/share/vm/asm
/Users/admin/core/opensource/openjdk-8u-fork/jdk8u-analysis/hotspot/src/share/vm/c1
/Users/admin/core/opensource/openjdk-8u-fork/jdk8u-analysis/hotspot/src/share/vm/ci
/Users/admin/core/opensource/openjdk-8u-fork/jdk8u-analysis/hotspot/src/share/vm/classfile
/Users/admin/core/opensource/openjdk-8u-fork/jdk8u-analysis/hotspot/src/share/vm/code
/Users/admin/core/opensource/openjdk-8u-fork/jdk8u-analysis/hotspot/src/share/vm/compiler
/Users/admin/core/opensource/openjdk-8u-fork/jdk8u-analysis/hotspot/src/share/vm/gc_implementation
/Users/admin/core/opensource/openjdk-8u-fork/jdk8u-analysis/hotspot/src/share/vm/gc_implementation/parNew
/Users/admin/core/opensource/openjdk-8u-fork/jdk8u-analysis/hotspot/src/share/vm/gc_implementation/g1
/Users/admin/core/opensource/openjdk-8u-fork/jdk8u-analysis/hotspot/src/share/vm/gc_implementation/shared
/Users/admin/core/opensource/openjdk-8u-fork/jdk8u-analysis/hotspot/src/share/vm/gc_implementation/parallelScavenge
/Users/admin/core/opensource/openjdk-8u-fork/jdk8u-analysis/hotspot/src/share/vm/gc_implementation/concurrentMarkSweep
/Users/admin/core/opensource/openjdk-8u-fork/jdk8u-analysis/hotspot/src/share/vm/gc_interface
/Users/admin/core/opensource/openjdk-8u-fork/jdk8u-analysis/hotspot/src/share/vm/interpreter
/Users/admin/core/opensource/openjdk-8u-fork/jdk8u-analysis/hotspot/src/share/vm/libadt
/Users/admin/core/opensource/openjdk-8u-fork/jdk8u-analysis/hotspot/src/share/vm/memory
/Users/admin/core/opensource/openjdk-8u-fork/jdk8u-analysis/hotspot/src/share/vm/oops
/Users/admin/core/opensource/openjdk-8u-fork/jdk8u-analysis/hotspot/src/share/vm/opto
/Users/admin/core/opensource/openjdk-8u-fork/jdk8u-analysis/hotspot/src/share/vm/precompiled
/Users/admin/core/opensource/openjdk-8u-fork/jdk8u-analysis/hotspot/src/share/vm/prims
/Users/admin/core/opensource/openjdk-8u-fork/jdk8u-analysis/hotspot/src/share/vm/prims/wbtestmethods
/Users/admin/core/opensource/openjdk-8u-fork/jdk8u-analysis/hotspot/src/share/vm/runtime
/Users/admin/core/opensource/openjdk-8u-fork/jdk8u-analysis/hotspot/src/share/vm/services
/Users/admin/core/opensource/openjdk-8u-fork/jdk8u-analysis/hotspot/src/share/vm/shark
/Users/admin/core/opensource/openjdk-8u-fork/jdk8u-analysis/hotspot/src/share/vm/trace
/Users/admin/core/opensource/openjdk-8u-fork/jdk8u-analysis/hotspot/src/share/vm/utilities
